// Jest Snapshot v1, https://goo.gl/fbAQLP

exports[`NavigationLink should render correctly 1`] = `
<li
  className="nav-list-item"
>
  <Link
    activeClass="active"
    duration={500}
    offset={-80}
    smooth={true}
    spy={true}
  />
</li>
`;
